Copyright 1986-2016 Xilinx, Inc. All Rights Reserved.
----------------------------------------------------------------------------------------------
| Tool Version : Vivado v.2016.3 (win64) Build 1682563 Mon Oct 10 19:07:27 MDT 2016
| Date         : Sat Mar 04 17:37:59 2017
| Host         : Luke-laptop running 64-bit major release  (build 9200)
| Command      : report_control_sets -verbose -file vgademo2_char_top_control_sets_placed.rpt
| Design       : vgademo2_char_top
| Device       : xc7a35t
----------------------------------------------------------------------------------------------

Control Set Information

Table of Contents
-----------------
1. Summary
2. Flip-Flop Distribution
3. Detailed Control Set Information

1. Summary
----------

+----------------------------------------------------------+-------+
|                          Status                          | Count |
+----------------------------------------------------------+-------+
| Number of unique control sets                            |     5 |
| Unused register locations in slices containing registers |    30 |
+----------------------------------------------------------+-------+


2. Flip-Flop Distribution
-------------------------

+--------------+-----------------------+------------------------+-----------------+--------------+
| Clock Enable | Synchronous Set/Reset | Asynchronous Set/Reset | Total Registers | Total Slices |
+--------------+-----------------------+------------------------+-----------------+--------------+
| No           | No                    | No                     |              26 |            8 |
| No           | No                    | Yes                    |               0 |            0 |
| No           | Yes                   | No                     |              13 |            5 |
| Yes          | No                    | No                     |               0 |            0 |
| Yes          | No                    | Yes                    |               0 |            0 |
| Yes          | Yes                   | No                     |              11 |            4 |
+--------------+-----------------------+------------------------+-----------------+--------------+


3. Detailed Control Set Information
-----------------------------------

+-------------------+-------------------------+-------------------------+------------------+----------------+
|    Clock Signal   |      Enable Signal      |     Set/Reset Signal    | Slice Load Count | Bel Load Count |
+-------------------+-------------------------+-------------------------+------------------+----------------+
|  c1/inst/clk_out1 |                         | v1/HS0                  |                1 |              1 |
|  c1/inst/clk_out1 |                         | v1/VS0                  |                1 |              1 |
|  c1/inst/clk_out1 |                         | v1/hcounter[10]_i_1_n_0 |                3 |             11 |
|  c1/inst/clk_out1 | v1/vcounter[10]_i_2_n_0 | v1/vcounter[10]_i_1_n_0 |                4 |             11 |
|  c1/inst/clk_out1 |                         |                         |                8 |             26 |
+-------------------+-------------------------+-------------------------+------------------+----------------+


+--------+-----------------------+
| Fanout | Number of ControlSets |
+--------+-----------------------+
| 1      |                     2 |
| 11     |                     2 |
| 16+    |                     1 |
+--------+-----------------------+


