Copyright 1986-2016 Xilinx, Inc. All Rights Reserved.
---------------------------------------------------------------------------------------------
| Tool Version : Vivado v.2016.3 (win64) Build 1682563 Mon Oct 10 19:07:27 MDT 2016
| Date         : Mon Mar 06 13:22:54 2017
| Host         : Luke-laptop running 64-bit major release  (build 9200)
| Command      : report_control_sets -verbose -file vgademo4_all_top_control_sets_placed.rpt
| Design       : vgademo4_all_top
| Device       : xc7a35t
---------------------------------------------------------------------------------------------

Control Set Information

Table of Contents
-----------------
1. Summary
2. Flip-Flop Distribution
3. Detailed Control Set Information

1. Summary
----------

+----------------------------------------------------------+-------+
|                          Status                          | Count |
+----------------------------------------------------------+-------+
| Number of unique control sets                            |     7 |
| Unused register locations in slices containing registers |    36 |
+----------------------------------------------------------+-------+


2. Flip-Flop Distribution
-------------------------

+--------------+-----------------------+------------------------+-----------------+--------------+
| Clock Enable | Synchronous Set/Reset | Asynchronous Set/Reset | Total Registers | Total Slices |
+--------------+-----------------------+------------------------+-----------------+--------------+
| No           | No                    | No                     |              27 |            9 |
| No           | No                    | Yes                    |               0 |            0 |
| No           | Yes                   | No                     |              12 |            8 |
| Yes          | No                    | No                     |               0 |            0 |
| Yes          | No                    | Yes                    |              34 |           15 |
| Yes          | Yes                   | No                     |              11 |            5 |
+--------------+-----------------------+------------------------+-----------------+--------------+


3. Detailed Control Set Information
-----------------------------------

+-------------------+---------------------------------+-------------------------+------------------+----------------+
|    Clock Signal   |          Enable Signal          |     Set/Reset Signal    | Slice Load Count | Bel Load Count |
+-------------------+---------------------------------+-------------------------+------------------+----------------+
|  c1/inst/clk_out1 |                                 | v1/HS0                  |                1 |              1 |
|  VSYNC_OBUF_BUFG  | g11/Object_X_pos[10]_i_1__1_n_0 | reset_IBUF              |                4 |             11 |
|  VSYNC_OBUF_BUFG  | r11/Object_X_pos[10]_i_1__0_n_0 | reset_IBUF              |                5 |             11 |
|  c1/inst/clk_out1 |                                 | v1/hcounter[10]_i_1_n_0 |                7 |             11 |
|  c1/inst/clk_out1 | v1/vcounter[10]_i_2_n_0         | v1/vcounter[10]_i_1_n_0 |                5 |             11 |
|  VSYNC_OBUF_BUFG  | b11/Object_X_pos[10]_i_1_n_0    | reset_IBUF              |                6 |             12 |
|  c1/inst/clk_out1 |                                 |                         |                9 |             27 |
+-------------------+---------------------------------+-------------------------+------------------+----------------+


+--------+-----------------------+
| Fanout | Number of ControlSets |
+--------+-----------------------+
| 1      |                     1 |
| 11     |                     4 |
| 12     |                     1 |
| 16+    |                     1 |
+--------+-----------------------+


